// Jest Snapshot v1, https://goo.gl/fbAQLP

exports[`error 1`] = `[[1mskeletal0.0.6[22m::spectest: This is a spectesterror]`;
