// Jest Snapshot v1, https://goo.gl/fbAQLP

exports[`skeletal - basic 1`] = `
"ðŸ¦´ [1mskeletal0.0.5[22m - Available patterns:
	- one
	- two
	- madlib"
`;
